fn main(): i32 {
    println(!'c');
    return 0;
}
